// Vitest Snapshot v1, https://vitest.dev/guide/snapshot.html

exports[`App component > App should match snapshot 1`] = `
{
  "asFragment": [Function],
  "baseElement": <body>
    <div>
      <div
        class="_app-container_ce1e69"
      >
        <div
          class="_layout_949441"
        >
          <header
            class="_header_949441"
          >
            <a
              aria-current="page"
              class="active"
              href="/"
            >
              Главная
            </a>
            <a
              class=""
              href="/debet"
            >
              Доходы
            </a>
            <a
              class=""
              href="/credit"
            >
              Расходы
            </a>
          </header>
          <h1
            class="_title_949441"
          >
            Статистика за месяц
          </h1>
          <i>
            Загрузка...
          </i>
        </div>
      </div>
    </div>
  </body>,
  "container": <div>
    <div
      class="_app-container_ce1e69"
    >
      <div
        class="_layout_949441"
      >
        <header
          class="_header_949441"
        >
          <a
            aria-current="page"
            class="active"
            href="/"
          >
            Главная
          </a>
          <a
            class=""
            href="/debet"
          >
            Доходы
          </a>
          <a
            class=""
            href="/credit"
          >
            Расходы
          </a>
        </header>
        <h1
          class="_title_949441"
        >
          Статистика за месяц
        </h1>
        <i>
          Загрузка...
        </i>
      </div>
    </div>
  </div>,
  "debug": [Function],
  "findAllByAltText": [Function],
  "findAllByDisplayValue": [Function],
  "findAllByLabelText": [Function],
  "findAllByPlaceholderText": [Function],
  "findAllByRole": [Function],
  "findAllByTestId": [Function],
  "findAllByText": [Function],
  "findAllByTitle": [Function],
  "findByAltText": [Function],
  "findByDisplayValue": [Function],
  "findByLabelText": [Function],
  "findByPlaceholderText": [Function],
  "findByRole": [Function],
  "findByTestId": [Function],
  "findByText": [Function],
  "findByTitle": [Function],
  "getAllByAltText": [Function],
  "getAllByDisplayValue": [Function],
  "getAllByLabelText": [Function],
  "getAllByPlaceholderText": [Function],
  "getAllByRole": [Function],
  "getAllByTestId": [Function],
  "getAllByText": [Function],
  "getAllByTitle": [Function],
  "getByAltText": [Function],
  "getByDisplayValue": [Function],
  "getByLabelText": [Function],
  "getByPlaceholderText": [Function],
  "getByRole": [Function],
  "getByTestId": [Function],
  "getByText": [Function],
  "getByTitle": [Function],
  "queryAllByAltText": [Function],
  "queryAllByDisplayValue": [Function],
  "queryAllByLabelText": [Function],
  "queryAllByPlaceholderText": [Function],
  "queryAllByRole": [Function],
  "queryAllByTestId": [Function],
  "queryAllByText": [Function],
  "queryAllByTitle": [Function],
  "queryByAltText": [Function],
  "queryByDisplayValue": [Function],
  "queryByLabelText": [Function],
  "queryByPlaceholderText": [Function],
  "queryByRole": [Function],
  "queryByTestId": [Function],
  "queryByText": [Function],
  "queryByTitle": [Function],
  "rerender": [Function],
  "unmount": [Function],
}
`;
